"use strict";

import('case-1-3').then(mod => {
  console.log(mod);
}).catch(err => {
  console.log(err);
});