"use strict";

import('case-1-1');
import('case-1-2').then(mod => {
  console.log(mod);
});
import('case-1-3').then(mod => {
  console.log(mod);
}).catch(err => {
  console.log(err);
});