"use strict";

function fly() {
  //
}
const ID = 'daif';
console.log(fly, ID);