"use strict";

/**
 * 合唱
 */

__inline('/static/room/modules/chorus/js/block.es6');
const blockUtil = require('chorus/block');
__inline('/static/room/modules/chorus/js/handler.es6');
__inline('/static/room/modules/chorus/sort/pk.es6');
const chorusPk = require('chorus/pk');
__inline('/static/room/modules/chorus/sort/song.es6');
const chorusSong = require('chorus/song');
const {
  getChorusConfig
} = require('chorus/service');
const {
  showToast
} = require('chorus/toast');
let songName = null;
const {
  EVENT_ID
} = require('chorus/const');
const DEFAULT_CFG = {
  confirmTimeout: 20,
  endDelayTime: 20
};
const Api = {};
module.exports = Api