"use strict";

module.exports = {
  age: 18,
  name: 'lili'
};