"use strict";

function fun() {
  //
  console.log('success'); // @code-ignore-statement kugou
  //
}