"use strict";

function fun() {
  // @code-ignore-next-statement kugou
  console.log('success');
}