"use strict";

// @code-ignore-next-statement kugou kuwo
// 
console.log('aaaa');