"use strict";

var _success = _interopRequireDefault(require("./success"));
function _interopRequireDefault(obj) { return obj && obj.__esModule ? obj : { default: obj }; }