"use strict";

//

//

//*@code-ignore-next-statement kuwo
console.log(333);

//* @code-ignore-next-statement kuwo
console.log(33333);

//**@code-ignore-next-statement kuwo
console.log(333333333);

/**/

/**   @code-ignore-next-statement kuwo */
console.log(6);

/**@code-ignore-next-statement kuwo */
console.log(7);