"use strict";

function fun() {
  console.log('error');
  console.log('success');
}
error();