"use strict";

/**/

//

function fun() {
  console.log('error');
  // @code-ignore-next-statement kugou
  console.log('success');
}
error();